YOLO mode is enabled. All tool calls will be automatically approved.
YOLO mode is enabled. All tool calls will be automatically approved.
Skill "skill-creator" from "/home/daniel-bo/.agents/skills/skill-creator/SKILL.md" is overriding the built-in skill.
I will start by identifying the design-related configuration files and components to extract the project's design tokens.
I will check the `app/package.json` file to identify the styling libraries and verify if Tailwind CSS or other design systems are being used.
I will examine the `app/src/index.css` and `app/src/App.css` files to see how the design tokens are defined using Tailwind CSS v4 or standard CSS variables.
I have identified the design tokens, including surface levels, text colors, accent colors, status colors, border styles, spacing, typography, radii, and elevation levels. I will now examine the current `DESIGN.md` file.
I will enhance the `DESIGN.md` file by adding comprehensive sections on color ramps, typography scales, spacing, radius, and elevation, based on the identified tokens. I'll also verify if there are additional design tokens in `app/src/App.css` or other files to ensure the documentation is complete.
`App.css` contains mostly boilerplate, while `index.css` holds the core design system. I will now draft a comprehensive `DESIGN.md` compliant with the `@google/design.md` specification, using the tokens I've identified. I'll also check `app/index.html` for any additional font or design details.
I will now create a comprehensive `DESIGN.md` file, including sections on Brand, Colors (Surface, Text, Accents, Status), Typography (Scale, Fonts), Layout & Spacing, Shapes & Roundness, and Elevation, using the colors and tokens from `index.css`. I'll also double-check the root directory for any `tailwind.config.ts` or `tailwind.config.js` files I might have missed.
Error executing tool run_shell_command: Tool execution for "Shell" requires user confirmation, which is not supported in non-interactive mode.
I've identified the core design tokens for both dark and light themes, including surface colors, typography scales, spacing, radius, and elevation. I'll now draft the `DESIGN.md` file, incorporating these details into a well-structured markdown format.
Attempt 1 failed: You have exhausted your capacity on this model. Your quota will reset after 0s.. Retrying after 5743ms...
I've finished drafting the `DESIGN.md` file, incorporating all identified tokens and themes. My next step is to run the `@google/design.md` linter to ensure compliance and address any issues.
The linter failed with an internal error, likely due to a structural issue or an unexpected value in the frontmatter. I'll simplify the frontmatter, specifically looking at nested colors and the spacing array, to align with `@google/design.md` standards and resolve the `raw.match is not a function` error.
Linting again.
I have one warning and three "infos" left. To resolve these, I'll add `spacing` and `rounded` to the frontmatter, rename the `## Spacing` section to `## Layout`, and reorder the sections to follow the expected sequence: Overview, Colors, Typography, Layout, Elevation & Depth, Shapes, Components, and Do's and Don'ts. I'll also adjust the frontmatter structure for `spacing` and `rounded` accordingly.
Lint again.
0 errors, 0 warnings. I'm finished.
I've updated `DESIGN.md` as requested. I'm now doing a final check of the file before I finish.
The `index.css` tokens are correctly reflected, and the linter reports zero errors or warnings. I'm all set.
