[0m
> build · k2p6
[0m
[0m→ [0mRead measure/autonomous_prompt.md
Understood. I'll begin autonomous Measure operation. Loading context now.
[0m→ [0mSkill "measure"
[0m→ [0mRead measure/tracks.md
[0m→ [0mRead measure/tech-debt.md
[0m→ [0mRead measure/current_directive.md
[0m→ [0mRead measure/lessons-learned.md
[0m→ [0mRead measure/tracks/legacy_test_audit_20260426/plan.md
[0m→ [0mRead measure/tracks/typescript_strictness_20260426/plan.md
[0m→ [0mRead measure/tracks/feature_flutter_home_screen_20260502/plan.md
[0m
[0m$ [0mgit status --short && echo "---" && git log --oneline -5
M measure/output.log
 M measure/review-output.log
---
d1e9237 feat(indexer): Complete catalog API key validation track (Phases 3-4)
b229bc7 feat(indexer): Add catalog API key validation guard (Phases 1-2)
d8ce439 chore(measure): Add pending tracks for autonomous run
1e1f589 chore(measure): update autonomous prompt to use browser-harness skill
c9f6a5e fix(webtorrent): Complete Phase 1-3 of addon resolution track
[0m
[0m$ [0mgrep -E "output\.log|review-output" .gitignore || echo "Not in gitignore"
conductor/output.log
[0m
